Component: Arm Compiler for Embedded 6.21 Tool: armlink [5ec1fa00]

==============================================================================

Section Cross References

    init.o(.ARM.exidx.text.init_DefaultClock) refers to init.o(.text.init_DefaultClock) for [Anonymous Symbol]
    init.o(.text.init_Clock) refers to init.o(.text.init_DefaultClock) for init_DefaultClock
    init.o(.ARM.exidx.text.init_Clock) refers to init.o(.text.init_Clock) for [Anonymous Symbol]
    init.o(.ARM.exidx.text.init_FlashAccess) refers to init.o(.text.init_FlashAccess) for [Anonymous Symbol]
    init.o(.ARM.exidx.text.init_SysTick) refers to init.o(.text.init_SysTick) for [Anonymous Symbol]
    init.o(.ARM.exidx.text.init_USART2) refers to init.o(.text.init_USART2) for [Anonymous Symbol]
    main.o(.text.Delay) refers to handlers.o(.bss.msTicks) for msTicks
    main.o(.ARM.exidx.text.Delay) refers to main.o(.text.Delay) for [Anonymous Symbol]
    main.o(.text.main) refers to main.o(.text.Delay) for Delay
    main.o(.text.main) refers to main.o(.rodata.str1.1) for .L.str
    main.o(.text.main) refers to printf.o(.text) for printf
    main.o(.text.main) refers to fopen.o(.text) for fopen
    main.o(.text.main) refers to fprintf.o(.text) for fprintf
    main.o(.text.main) refers to fclose.o(.text) for fclose
    main.o(.ARM.exidx.text.main) refers to main.o(.text.main) for [Anonymous Symbol]
    handlers.o(.text.SysTick_Handler) refers to handlers.o(.bss.msTicks) for msTicks
    handlers.o(.ARM.exidx.text.SysTick_Handler) refers to handlers.o(.text.SysTick_Handler) for [Anonymous Symbol]
    retarget.o(.text) refers (Special) to use_no_semi_2.o(.text) for __use_no_semihosting
    retarget.o(.text._sys_open) refers (Special) to use_no_semi_2.o(.text) for __use_no_semihosting
    retarget.o(.text._sys_open) refers to retarget.o(.rodata.str1.1) for .L.str
    retarget.o(.text._sys_open) refers to strncmp.o(.text) for strncmp
    retarget.o(.ARM.exidx.text._sys_open) refers (Special) to use_no_semi_2.o(.text) for __use_no_semihosting
    retarget.o(.ARM.exidx.text._sys_open) refers to retarget.o(.text._sys_open) for [Anonymous Symbol]
    retarget.o(.text._sys_istty) refers (Special) to use_no_semi_2.o(.text) for __use_no_semihosting
    retarget.o(.ARM.exidx.text._sys_istty) refers (Special) to use_no_semi_2.o(.text) for __use_no_semihosting
    retarget.o(.ARM.exidx.text._sys_istty) refers to retarget.o(.text._sys_istty) for [Anonymous Symbol]
    retarget.o(.text._sys_write) refers (Special) to use_no_semi_2.o(.text) for __use_no_semihosting
    retarget.o(.text._sys_write) refers to retarget.o(.text.sendchar_USART2) for sendchar_USART2
    retarget.o(.text._sys_write) refers to low_level_morse.o(.text.send_char_morse) for send_char_morse
    retarget.o(.ARM.exidx.text._sys_write) refers (Special) to use_no_semi_2.o(.text) for __use_no_semihosting
    retarget.o(.ARM.exidx.text._sys_write) refers to retarget.o(.text._sys_write) for [Anonymous Symbol]
    retarget.o(.text.sendchar_USART2) refers (Special) to use_no_semi_2.o(.text) for __use_no_semihosting
    retarget.o(.ARM.exidx.text.sendchar_USART2) refers (Special) to use_no_semi_2.o(.text) for __use_no_semihosting
    retarget.o(.ARM.exidx.text.sendchar_USART2) refers to retarget.o(.text.sendchar_USART2) for [Anonymous Symbol]
    retarget.o(.text._ttywrch) refers (Special) to use_no_semi_2.o(.text) for __use_no_semihosting
    retarget.o(.text._ttywrch) refers to retarget.o(.text.sendchar_USART2) for sendchar_USART2
    retarget.o(.ARM.exidx.text._ttywrch) refers (Special) to use_no_semi_2.o(.text) for __use_no_semihosting
    retarget.o(.ARM.exidx.text._ttywrch) refers to retarget.o(.text._ttywrch) for [Anonymous Symbol]
    retarget.o(.text._sys_exit) refers (Special) to use_no_semi_2.o(.text) for __use_no_semihosting
    retarget.o(.ARM.exidx.text._sys_exit) refers (Special) to use_no_semi_2.o(.text) for __use_no_semihosting
    retarget.o(.ARM.exidx.text._sys_exit) refers to retarget.o(.text._sys_exit) for [Anonymous Symbol]
    retarget.o(.text._sys_close) refers (Special) to use_no_semi_2.o(.text) for __use_no_semihosting
    retarget.o(.ARM.exidx.text._sys_close) refers (Special) to use_no_semi_2.o(.text) for __use_no_semihosting
    retarget.o(.ARM.exidx.text._sys_close) refers to retarget.o(.text._sys_close) for [Anonymous Symbol]
    retarget.o(.rodata.str1.1) refers (Special) to use_no_semi_2.o(.text) for __use_no_semihosting
    low_level_morse.o(.text.morse_code) refers to low_level_morse.o(.data.morse_code.Mdummy) for morse_code.Mdummy
    low_level_morse.o(.text.morse_code) refers to low_level_morse.o(.data.morse_code.M) for morse_code.M
    low_level_morse.o(.ARM.exidx.text.morse_code) refers to low_level_morse.o(.text.morse_code) for [Anonymous Symbol]
    low_level_morse.o(.text.send_char_morse) refers to low_level_morse.o(.text.morse_code) for morse_code
    low_level_morse.o(.text.send_char_morse) refers to low_level_morse.o(.text.dash) for dash
[...]
    .ARM.Collect$$libinit$$00000015          0x08000320   Section        0  libinit2.o(.ARM.Collect$$libinit$$00000015)
    .ARM.Collect$$libinit$$00000017          0x08000320   Section        0  libinit2.o(.ARM.Collect$$libinit$$00000017)
    .ARM.Collect$$libinit$$00000018          0x08000320   Section       10  libinit2.o(.ARM.Collect$$libinit$$00000018)
    .ARM.Collect$$libinit$$00000019          0x0800032a   Section        0  libinit2.o(.ARM.Collect$$libinit$$00000019)
    .ARM.Collect$$libinit$$0000001B          0x0800032a   Section        0  libinit2.o(.ARM.Collect$$libinit$$0000001B)
    .ARM.Collect$$libinit$$0000001D          0x0800032a   Section        0  libinit2.o(.ARM.Collect$$libinit$$0000001D)
    .ARM.Collect$$libinit$$0000001F          0x0800032a   Section        0  libinit2.o(.ARM.Collect$$libinit$$0000001F)
    .ARM.Collect$$libinit$$00000021          0x0800032a   Section        0  libinit2.o(.ARM.Collect$$libinit$$00000021)
    .ARM.Collect$$libinit$$00000023          0x0800032a   Section        0  libinit2.o(.ARM.Collect$$libinit$$00000023)
    .ARM.Collect$$libinit$$00000025          0x0800032a   Section        0  libinit2.o(.ARM.Collect$$libinit$$00000025)
    .ARM.Collect$$libinit$$00000026          0x0800032a   Section        4  libinit2.o(.ARM.Collect$$libinit$$00000026)
    .ARM.Collect$$libinit$$00000027          0x0800032e   Section        0  libinit2.o(.ARM.Collect$$libinit$$00000027)
    .ARM.Collect$$libinit$$0000002E          0x0800032e   Section        0  libinit2.o(.ARM.Collect$$libinit$$0000002E)
    .ARM.Collect$$libinit$$00000030          0x0800032e   Section        0  libinit2.o(.ARM.Collect$$libinit$$00000030)
    .ARM.Collect$$libinit$$00000032          0x0800032e   Section        0  libinit2.o(.ARM.Collect$$libinit$$00000032)
    .ARM.Collect$$libinit$$00000034          0x0800032e   Section        0  libinit2.o(.ARM.Collect$$libinit$$00000034)
    .ARM.Collect$$libinit$$00000035          0x0800032e   Section        2  libinit2.o(.ARM.Collect$$libinit$$00000035)
    .ARM.Collect$$libshutdown$$00000000      0x08000330   Section        2  libshutdown.o(.ARM.Collect$$libshutdown$$00000000)
    .ARM.Collect$$libshutdown$$00000002      0x08000332   Section        0  libshutdown2.o(.ARM.Collect$$libshutdown$$00000002)
    .ARM.Collect$$libshutdown$$00000003      0x08000332   Section        4  libshutdown2.o(.ARM.Collect$$libshutdown$$00000003)
    .ARM.Collect$$libshutdown$$00000004      0x08000336   Section        0  libshutdown2.o(.ARM.Collect$$libshutdown$$00000004)
    .ARM.Collect$$libshutdown$$00000007      0x08000336   Section        0  libshutdown2.o(.ARM.Collect$$libshutdown$$00000007)
    .ARM.Collect$$libshutdown$$0000000A      0x08000336   Section        0  libshutdown2.o(.ARM.Collect$$libshutdown$$0000000A)
    .ARM.Collect$$libshutdown$$0000000C      0x08000336   Section        0  libshutdown2.o(.ARM.Collect$$libshutdown$$0000000C)
    .ARM.Collect$$libshutdown$$0000000F      0x08000336   Section        0  libshutdown2.o(.ARM.Collect$$libshutdown$$0000000F)
    .ARM.Collect$$libshutdown$$00000010      0x08000336   Section        2  libshutdown2.o(.ARM.Collect$$libshutdown$$00000010)
    .ARM.Collect$$rtentry$$00000000          0x08000338   Section        0  __rtentry.o(.ARM.Collect$$rtentry$$00000000)
    .ARM.Collect$$rtentry$$00000002          0x08000338   Section        0  __rtentry2.o(.ARM.Collect$$rtentry$$00000002)
    .ARM.Collect$$rtentry$$00000004          0x08000338   Section        6  __rtentry4.o(.ARM.Collect$$rtentry$$00000004)
    .ARM.Collect$$rtentry$$00000009          0x0800033e   Section        0  __rtentry2.o(.ARM.Collect$$rtentry$$00000009)
    .ARM.Collect$$rtentry$$0000000A          0x0800033e   Section        4  __rtentry2.o(.ARM.Collect$$rtentry$$0000000A)
    .ARM.Collect$$rtentry$$0000000C          0x08000342   Section        0  __rtentry2.o(.ARM.Collect$$rtentry$$0000000C)
    .ARM.Collect$$rtentry$$0000000D          0x08000342   Section        8  __rtentry2.o(.ARM.Collect$$rtentry$$0000000D)
    .ARM.Collect$$rtexit$$00000000           0x0800034a   Section        2  rtexit.o(.ARM.Collect$$rtexit$$00000000)
    .ARM.Collect$$rtexit$$00000002           0x0800034c   Section        0  rtexit2.o(.ARM.Collect$$rtexit$$00000002)
    .ARM.Collect$$rtexit$$00000003           0x0800034c   Section        4  rtexit2.o(.ARM.Collect$$rtexit$$00000003)
    .ARM.Collect$$rtexit$$00000004           0x08000350   Section        6  rtexit2.o(.ARM.Collect$$rtexit$$00000004)
    $v0                                      0x08000358   Number         0  startup_stm32f407xx.o(.text)
    .text                                    0x08000358   Section       64  startup_stm32f407xx.o(.text)
    .text                                    0x08000398   Section        2  use_no_semi_2.o(.text)
    .text                                    0x0800039c   Section        0  printf.o(.text)
    .text                                    0x080003b4   Section        0  fprintf.o(.text)
    _freopen_locked                          0x080003c9   Thumb Code     0  fopen.o(.text)
    .text                                    0x080003c8   Section        0  fopen.o(.text)
    .text                                    0x080004b8   Section        0  fclose.o(.text)
    .text                                    0x08000504   Section        0  strncmp.o(.text)
    .text                                    0x080005a0   Section      124  strcmpv7em.o(.text)
    .text                                    0x0800061c   Section        0  heapauxi.o(.text)
    .text                                    0x08000622   Section        2  use_no_semi.o(.text)
    .text                                    0x08000624   Section        0  h1_alloc.o(.text)
    .text                                    0x08000682   Section        0  h1_free.o(.text)
    .text                                    0x080006d0   Section        0  _printf_pad.o(.text)
    .text                                    0x0800071e   Section        0  _printf_truncate.o(.text)
    .text                                    0x08000742   Section        0  _printf_str.o(.text)
    .text                                    0x08000794   Section        0  _printf_dec.o(.text)
    .text                                    0x0800080c   Section        0  _printf_charcount.o(.text)
    .text                                    0x08000834   Section        0  _printf_char_file.o(.text)
    .text                                    0x08000858   Section        0  _printf_wctomb.o(.text)
    .text                                    0x08000914   Section        0  _printf_longlong_dec.o(.text)
    _printf_longlong_oct_internal            0x08000991   Thumb Code     0  _printf_oct_int_ll.o(.text)
    .text                                    0x08000990   Section        0  _printf_oct_int_ll.o(.text)
    _printf_hex_common                       0x08000a01   Thumb Code     0  _printf_hex_int_ll_ptr.o(.text)
    .text                                    0x08000a00   Section        0  _printf_hex_int_ll_ptr.o(.text)
    .text                                    0x08000a94   Section        0  __printf_flags_ss_wp.o(.text)
    .text                                    0x08000c1c   Section        0  fseek.o(.text)
    .text                                    0x08000d14   Section        0  stdio.o(.text)
    .text                                    0x08000e1c   Section       78  rt_memclr_w.o(.text)
    .text                                    0x08000e6c   Section        8  rt_heap_descriptor_intlibspace.o(.text)
    .text                                    0x08000e74   Section        0  hguard.o(.text)
    .text                                    0x08000e78   Section        0  init_alloc.o(.text)
    .text                                    0x08000f02   Section        0  h1_init.o(.text)
    .text                                    0x08000f0e   Section      138  lludiv10.o(.text)
    .text                                    0x08000f98   Section        0  _printf_intcommon.o(.text)
    _fp_digits                               0x0800104b   Thumb Code   432  _printf_fp_dec.o(.text)
    .text                                    0x0800104a   Section        0  _printf_fp_dec.o(.text)
    .text                                    0x08001468   Section        0  _printf_fp_hex.o(.text)
    _printf_input_char                       0x08001765   Thumb Code    10  _printf_char_common.o(.text)
    .text                                    0x08001764   Section        0  _printf_char_common.o(.text)
    .text                                    0x08001794   Section        0  _printf_char.o(.text)
    .text                                    0x080017c0   Section        0  _printf_wchar.o(.text)
    .text                                    0x080017ec   Section        0  ferror.o(.text)
    .text                                    0x080017f4   Section        0  ftell.o(.text)
    .text                                    0x08001838   Section        0  initio.o(.text)
    .text                                    0x08001970   Section        0  _c16rtomb.o(.text)
    .text                                    0x080019b8   Section        8  libspace.o(.text)
    .text                                    0x080019c0   Section       74  sys_stackheap_outer.o(.text)
    .text                                    0x08001a0c   Section       16  rt_ctype_table.o(.text)
    .text                                    0x08001a1c   Section        8  rt_locale_intlibspace.o(.text)
    .text                                    0x08001a24   Section        8  rt_errno_addr_intlibspace.o(.text)
    .text                                    0x08001a2c   Section        0  maybetermalloc1.o(.text)
    .text                                    0x08001a2c   Section        0  h1_extend.o(.text)
    .text                                    0x08001a60   Section        0  _printf_fp_infnan.o(.text)
    .text                                    0x08001ae0   Section        0  bigflt0.o(.text)
    .text                                    0x08001bc4   Section        0  flsbuf.o(.text)
    .text                                    0x08001da6   Section        0  setvbuf.o(.text)
    .text                                    0x08001dec   Section        0  exit.o(.text)
    .text                                    0x08001dfe   Section        0  defsig_rtred_outer.o(.text)
    .text                                    0x08001e0c   Section        0  defsig_rtmem_outer.o(.text)
    .text                                    0x08001e1a   Section        0  defsig_exit.o(.text)
    .text                                    0x08001e24   Section        0  defsig_rtred_inner.o(.text)
    .text                                    0x08001e58   Section        0  defsig_rtmem_inner.o(.text)
    .text                                    0x08001ea8   Section        0  defsig_general.o(.text)
    [Anonymous Symbol]                       0x08001edc   Section        0  main.o(.text.Delay)
    [Anonymous Symbol]                       0x08001f0c   Section        0  handlers.o(.text.SysTick_Handler)
    [Anonymous Symbol]                       0x08001f30   Section        0  system_stm32f4xx.o(.text.SystemInit)
    [Anonymous Symbol]                       0x08001f6c   Section        0  retarget.o(.text._sys_close)
    [Anonymous Symbol]                       0x08001fc8   Section        0  retarget.o(.text._sys_exit)
    [Anonymous Symbol]                       0x08001fd0   Section        0  retarget_io.o(.text._sys_flen)
    [Anonymous Symbol]                       0x08002018   Section        0  retarget.o(.text._sys_istty)
    [Anonymous Symbol]                       0x08002074   Section        0  retarget.o(.text._sys_open)
    [Anonymous Symbol]                       0x080020fc   Section        0  retarget_io.o(.text._sys_seek)
    [Anonymous Symbol]                       0x08002150   Section        0  retarget.o(.text._sys_write)
    [Anonymous Symbol]                       0x080021cc   Section        0  retarget.o(.text._ttywrch)
    [Anonymous Symbol]                       0x080021dc   Section        0  low_level_morse.o(.text.dash)
    [Anonymous Symbol]                       0x0800220c   Section        0  low_level_morse.o(.text.dot)
    [Anonymous Symbol]                       0x0800223c   Section        0  init.o(.text.init_Clock)
    [Anonymous Symbol]                       0x08002308   Section        0  init.o(.text.init_DefaultClock)
    [Anonymous Symbol]                       0x08002358   Section        0  init.o(.text.init_FlashAccess)
    [Anonymous Symbol]                       0x08002394   Section        0  init.o(.text.init_SysTick)
    [Anonymous Symbol]                       0x080023e8   Section        0  init.o(.text.init_USART2)
    [Anonymous Symbol]                       0x0800248c   Section        0  main.o(.text.main)
    [Anonymous Symbol]                       0x080025dc   Section        0  low_level_morse.o(.text.morse_code)
    [Anonymous Symbol]                       0x08002630   Section        0  low_level_morse.o(.text.send_char_morse)
    [Anonymous Symbol]                       0x08002690   Section        0  retarget.o(.text.sendchar_USART2)
    CL$$btod_d2e                             0x080026bc   Section       62  btod.o(CL$$btod_d2e)
    CL$$btod_d2e_denorm_low                  0x080026fa   Section       70  btod.o(CL$$btod_d2e_denorm_low)
    CL$$btod_d2e_norm_op1                    0x08002740   Section       96  btod.o(CL$$btod_d2e_norm_op1)
    CL$$btod_div_common                      0x080027a0   Section      824  btod.o(CL$$btod_div_common)
    CL$$btod_e2e                             0x08002ad8   Section      220  btod.o(CL$$btod_e2e)
    CL$$btod_ediv                            0x08002bb4   Section       42  btod.o(CL$$btod_ediv)
    CL$$btod_emul                            0x08002bde   Section       42  btod.o(CL$$btod_emul)
    CL$$btod_mult_common                     0x08002c08   Section      580  btod.o(CL$$btod_mult_common)
    i.__ARM_fpclassify                       0x08002e4c   Section        0  fpclassify.o(i.__ARM_fpclassify)
    i._is_digit                              0x08002e7c   Section        0  __printf_wp.o(i._is_digit)
    i.fputc                                  0x08002e8a   Section        0  fputc.o(i.fputc)
    locale$$code                             0x08002ea8   Section       44  lc_numeric_c.o(locale$$code)
    locale$$code                             0x08002ed4   Section       44  lc_ctype_c.o(locale$$code)
    $v0                                      0x08002f00   Number         0  fpinit.o(x$fpl$fpinit)
    x$fpl$fpinit                             0x08002f00   Section       26  fpinit.o(x$fpl$fpinit)
    $v0                                      0x08002f1a   Number         0  printf1.o(x$fpl$printf1)
    x$fpl$printf1                            0x08002f1a   Section        4  printf1.o(x$fpl$printf1)
    $v0                                      0x08002f1e   Number         0  printf2.o(x$fpl$printf2)
    x$fpl$printf2                            0x08002f1e   Section        4  printf2.o(x$fpl$printf2)
    x$fpl$usenofp                            0x08002f22   Section        0  usenofp.o(x$fpl$usenofp)
    initial_mbstate                          0x08002f24   Data           8  _printf_wctomb.o(.constdata)
    .constdata                               0x08002f24   Section        8  _printf_wctomb.o(.constdata)
    uc_hextab                                0x08002f2c   Data          20  _printf_hex_int_ll_ptr.o(.constdata)
    .constdata                               0x08002f2c   Section       40  _printf_hex_int_ll_ptr.o(.constdata)
    lc_hextab                                0x08002f40   Data          20  _printf_hex_int_ll_ptr.o(.constdata)
    maptable                                 0x08002f54   Data          17  __printf_flags_ss_wp.o(.constdata)
    .constdata                               0x08002f54   Section       17  __printf_flags_ss_wp.o(.constdata)
    lc_hextab                                0x08002f65   Data          19  _printf_fp_hex.o(.constdata)
    .constdata                               0x08002f65   Section       38  _printf_fp_hex.o(.constdata)
    uc_hextab                                0x08002f78   Data          19  _printf_fp_hex.o(.constdata)
    tenpwrs_x                                0x08002f8c   Data          60  bigflt0.o(.constdata)
    .constdata                               0x08002f8c   Section      148  bigflt0.o(.constdata)
    tenpwrs_i                                0x08002fc8   Data          64  bigflt0.o(.constdata)
    .L.str.1                                 0x08003037   Data          56  main.o(.rodata.str1.1)
    [Anonymous Symbol]                       0x08003037   Section        0  main.o(.rodata.str1.1)
    .L.str.4                                 0x0800306f   Data          17  main.o(.rodata.str1.1)
    .L.str.2                                 0x08003080   Data           6  main.o(.rodata.str1.1)
    .L.str.3                                 0x08003080   Data           6  main.o(.rodata.str1.1)
    .L.str                                   0x08003086   Data           3  main.o(.rodata.str1.1)
    .L.str.3                                 0x08003089   Data           2  main.o(.rodata.str1.1)
    .L.str                                   0x0800308b   Data           7  retarget.o(.rodata.str1.1)
    [Anonymous Symbol]                       0x0800308b   Section        0  retarget.o(.rodata.str1.1)
    .L.str.2                                 0x08003092   Data           8  retarget.o(.rodata.str1.1)
    .L.str.1                                 0x0800309a   Data           8  retarget.o(.rodata.str1.1)
    locale$$data                             0x080030c4   Section       28  lc_numeric_c.o(locale$$data)
    __lcnum_c_name                           0x080030c8   Data           2  lc_numeric_c.o(locale$$data)
    __lcnum_c_start                          0x080030d0   Data           0  lc_numeric_c.o(locale$$data)
    __lcnum_c_point                          0x080030dc   Data           0  lc_numeric_c.o(locale$$data)
    __lcnum_c_thousands                      0x080030de   Data           0  lc_numeric_c.o(locale$$data)
    __lcnum_c_grouping                       0x080030df   Data           0  lc_numeric_c.o(locale$$data)
    __lcnum_c_end                            0x080030e0   Data           0  lc_numeric_c.o(locale$$data)
    locale$$data                             0x080030e0   Section      272  lc_ctype_c.o(locale$$data)
    __lcctype_c_name                         0x080030e4   Data           2  lc_ctype_c.o(locale$$data)
    __lcctype_c_start                        0x080030ec   Data           0  lc_ctype_c.o(locale$$data)
    __lcctype_c_end                          0x080031f0   Data           0  lc_ctype_c.o(locale$$data)
    .data                                    0x20000000   Section        4  stdio_streams.o(.data)
    .data                                    0x20000004   Section        4  stdio_streams.o(.data)
    .data                                    0x20000008   Section        4  stdio_streams.o(.data)
    morse_code.M                             0x2000000c   Data         576  low_level_morse.o(.data.morse_code.M)
    [Anonymous Symbol]                       0x2000000c   Section        0  low_level_morse.o(.data.morse_code.M)
    morse_code.Mdummy                        0x2000024c   Data           6  low_level_morse.o(.data.morse_code.Mdummy)
    [Anonymous Symbol]                       0x2000024c   Section        0  low_level_morse.o(.data.morse_code.Mdummy)
    .bss                                     0x20000258   Section       84  stdio_streams.o(.bss)
    .bss                                     0x200002ac   Section       84  stdio_streams.o(.bss)
    .bss                                     0x20000300   Section       84  stdio_streams.o(.bss)
    .bss                                     0x20000354   Section       96  libspace.o(.bss)
    Heap_Mem                                 0x200003b8   Data         512  startup_stm32f407xx.o(HEAP)
    HEAP                                     0x200003b8   Section      512  startup_stm32f407xx.o(HEAP)
    Stack_Mem                                0x200005b8   Data        1024  startup_stm32f407xx.o(STACK)
    STACK                                    0x200005b8   Section     1024  startup_stm32f407xx.o(STACK)
    __initial_sp                             0x200009b8   Data           0  startup_stm32f407xx.o(STACK)

    Global Symbols

    Symbol Name                              Value     Ov Type        Size  Object(Section)

    BuildAttributes$$THM_ISAv4$E$P$D$K$B$S$7EM$VFPi3$EXTD16$VFPS$VFMA$PE$A:L22UL41UL21$X:L11$S22US41US21$IEEE1$IW$~IW$USESV6$~STKCKD$USESV7$~SHL$OTIME$ROPI$IEEEJ$EBA8$UX$STANDARDLIB$REQ8$PRES8$EABIv2 0x00000000   Number         0  anon$$obj.o ABSOLUTE
    _printf_flags                            0x00000000   Number         0  printf_stubs.o ABSOLUTE
    _printf_return_value                     0x00000000   Number         0  printf_stubs.o ABSOLUTE
    _printf_sizespec                         0x00000000   Number         0  printf_stubs.o ABSOLUTE
    _printf_widthprec                        0x00000000   Number         0  printf_stubs.o ABSOLUTE
    __ARM_exceptions_init                     - Undefined Weak Reference
    __alloca_initialize                       - Undefined Weak Reference
    __arm_preinit_                            - Undefined Weak Reference
    __arm_relocate_pie_                       - Undefined Weak Reference
    __cpp_initialize__aeabi_                  - Undefined Weak Reference
    __cxa_finalize                            - Undefined Weak Reference
    __sigvec_lookup                           - Undefined Weak Reference
    __user_heap_extent                        - Undefined Weak Reference
    _atexit_init                              - Undefined Weak Reference
    _call_atexit_fns                          - Undefined Weak Reference
    _clock_init                               - Undefined Weak Reference
    _fp_trap_init                             - Undefined Weak Reference
    _fp_trap_shutdown                         - Undefined Weak Reference
    _get_lc_collate                           - Undefined Weak Reference
    _get_lc_monetary                          - Undefined Weak Reference
    _get_lc_time                              - Undefined Weak Reference
    _getenv_init                              - Undefined Weak Reference
    _handle_redirection                       - Undefined Weak Reference
    _mutex_acquire                            - Undefined Weak Reference
    _mutex_free                               - Undefined Weak Reference
    _mutex_release                            - Undefined Weak Reference
    _printf_mbtowc                            - Undefined Weak Reference
    _printf_wc                                - Undefined Weak Reference
    _rand_init                                - Undefined Weak Reference
    _signal_finish                            - Undefined Weak Reference
    _signal_init                              - Undefined Weak Reference
    __Vectors_Size                           0x00000188   Number         0  startup_stm32f407xx.o ABSOLUTE
    __Vectors                                0x08000000   Data           4  startup_stm32f407xx.o(RESET)
    __Vectors_End                            0x08000188   Data           0  startup_stm32f407xx.o(RESET)
    __main                                   0x08000189   Thumb Code     8  __main.o(!!!main)
    __scatterload                            0x08000191   Thumb Code     0  __scatter.o(!!!scatter)
    __scatterload_rt2                        0x08000191   Thumb Code    84  __scatter.o(!!!scatter)
    __scatterload_rt2_thumb_only             0x08000191   Thumb Code     0  __scatter.o(!!!scatter)
    __scatterload_loop                       0x0800019b   Thumb Code     0  __scatter.o(!!!scatter)
    __decompress                             0x080001ed   Thumb Code   100  __dclz77c.o(!!dclz77c)
    __decompress2                            0x080001ed   Thumb Code     0  __dclz77c.o(!!dclz77c)
    __scatterload_null                       0x08000251   Thumb Code     2  __scatter.o(!!handler_null)
    __scatterload_zeroinit                   0x08000255   Thumb Code    28  __scatter_zi.o(!!handler_zi)
    _printf_n                                0x08000271   Thumb Code     0  _printf_n.o(.ARM.Collect$$_printf_percent$$00000001)
    _printf_percent                          0x08000271   Thumb Code     0  _printf_percent.o(.ARM.Collect$$_printf_percent$$00000000)
    _printf_p                                0x08000277   Thumb Code     0  _printf_p.o(.ARM.Collect$$_printf_percent$$00000002)
    _printf_f                                0x0800027d   Thumb Code     0  _printf_f.o(.ARM.Collect$$_printf_percent$$00000003)
    _printf_e                                0x08000283   Thumb Code     0  _printf_e.o(.ARM.Collect$$_printf_percent$$00000004)
    _printf_g                                0x08000289   Thumb Code     0  _printf_g.o(.ARM.Collect$$_printf_percent$$00000005)
    _printf_a                                0x0800028f   Thumb Code     0  _printf_a.o(.ARM.Collect$$_printf_percent$$00000006)
    _printf_ll                               0x08000295   Thumb Code     0  _printf_ll.o(.ARM.Collect$$_printf_percent$$00000007)
    _printf_i                                0x0800029f   Thumb Code     0  _printf_i.o(.ARM.Collect$$_printf_percent$$00000008)
    _printf_d                                0x080002a5   Thumb Code     0  _printf_d.o(.ARM.Collect$$_printf_percent$$00000009)
    _printf_u                                0x080002ab   Thumb Code     0  _printf_u.o(.ARM.Collect$$_printf_percent$$0000000A)
    _printf_o                                0x080002b1   Thumb Code     0  _printf_o.o(.ARM.Collect$$_printf_percent$$0000000B)
    _printf_x                                0x080002b7   Thumb Code     0  _printf_x.o(.ARM.Collect$$_printf_percent$$0000000C)
    _printf_lli                              0x080002bd   Thumb Code     0  _printf_lli.o(.ARM.Collect$$_printf_percent$$0000000D)
    _printf_lld                              0x080002c3   Thumb Code     0  _printf_lld.o(.ARM.Collect$$_printf_percent$$0000000E)
    _printf_llu                              0x080002c9   Thumb Code     0  _printf_llu.o(.ARM.Collect$$_printf_percent$$0000000F)
    _printf_llo                              0x080002cf   Thumb Code     0  _printf_llo.o(.ARM.Collect$$_printf_percent$$00000010)
    _printf_llx                              0x080002d5   Thumb Code     0  _printf_llx.o(.ARM.Collect$$_printf_percent$$00000011)
    _printf_l                                0x080002db   Thumb Code     0  _printf_l.o(.ARM.Collect$$_printf_percent$$00000012)
    _printf_c                                0x080002e5   Thumb Code     0  _printf_c.o(.ARM.Collect$$_printf_percent$$00000013)
    _printf_s                                0x080002eb   Thumb Code     0  _printf_s.o(.ARM.Collect$$_printf_percent$$00000014)
    _printf_lc                               0x080002f1   Thumb Code     0  _printf_lc.o(.ARM.Collect$$_printf_percent$$00000015)
    _printf_ls                               0x080002f7   Thumb Code     0  _printf_ls.o(.ARM.Collect$$_printf_percent$$00000016)
    _printf_percent_end                      0x080002fd   Thumb Code     0  _printf_percent_end.o(.ARM.Collect$$_printf_percent$$00000017)
    __rt_lib_init                            0x08000301   Thumb Code     0  libinit.o(.ARM.Collect$$libinit$$00000000)
    __rt_lib_init_fp_1                       0x08000303   Thumb Code     0  libinit2.o(.ARM.Collect$$libinit$$00000001)
    __rt_lib_init_heap_2                     0x08000307   Thumb Code     0  libinit2.o(.ARM.Collect$$libinit$$00000007)
    __rt_lib_init_preinit_1                  0x08000307   Thumb Code     0  libinit2.o(.ARM.Collect$$libinit$$00000006)
    __rt_lib_init_relocate_pie_1             0x08000307   Thumb Code     0  libinit2.o(.ARM.Collect$$libinit$$00000004)
    __rt_lib_init_heap_1                     0x0800030f   Thumb Code     0  libinit2.o(.ARM.Collect$$libinit$$0000000C)
    __rt_lib_init_lc_common                  0x0800030f   Thumb Code     0  libinit2.o(.ARM.Collect$$libinit$$00000011)
    __rt_lib_init_rand_1                     0x0800030f   Thumb Code     0  libinit2.o(.ARM.Collect$$libinit$$00000010)
    __rt_lib_init_user_alloc_1               0x0800030f   Thumb Code     0  libinit2.o(.ARM.Collect$$libinit$$0000000E)
    __rt_lib_init_lc_collate_1               0x08000315   Thumb Code     0  libinit2.o(.ARM.Collect$$libinit$$00000013)
    __rt_lib_init_lc_ctype_2                 0x08000315   Thumb Code     0  libinit2.o(.ARM.Collect$$libinit$$00000014)
    __rt_lib_init_lc_ctype_1                 0x08000321   Thumb Code     0  libinit2.o(.ARM.Collect$$libinit$$00000015)
    __rt_lib_init_lc_monetary_1              0x08000321   Thumb Code     0  libinit2.o(.ARM.Collect$$libinit$$00000017)
    __rt_lib_init_lc_numeric_2               0x08000321   Thumb Code     0  libinit2.o(.ARM.Collect$$libinit$$00000018)
    __rt_lib_init_atexit_1                   0x0800032b   Thumb Code     0  libinit2.o(.ARM.Collect$$libinit$$0000001D)
    __rt_lib_init_clock_1                    0x0800032b   Thumb Code     0  libinit2.o(.ARM.Collect$$libinit$$00000023)
    __rt_lib_init_fp_trap_1                  0x0800032b   Thumb Code     0  libinit2.o(.ARM.Collect$$libinit$$00000021)
    __rt_lib_init_getenv_1                   0x0800032b   Thumb Code     0  libinit2.o(.ARM.Collect$$libinit$$00000025)
    __rt_lib_init_lc_numeric_1               0x0800032b   Thumb Code     0  libinit2.o(.ARM.Collect$$libinit$$00000019)
    __rt_lib_init_lc_time_1                  0x0800032b   Thumb Code     0  libinit2.o(.ARM.Collect$$libinit$$0000001B)
    __rt_lib_init_signal_1                   0x0800032b   Thumb Code     0  libinit2.o(.ARM.Collect$$libinit$$0000001F)
    __rt_lib_init_stdio_2                    0x0800032b   Thumb Code     0  libinit2.o(.ARM.Collect$$libinit$$00000026)
    __rt_lib_init_alloca_1                   0x0800032f   Thumb Code     0  libinit2.o(.ARM.Collect$$libinit$$00000030)
    __rt_lib_init_argv_1                     0x0800032f   Thumb Code     0  libinit2.o(.ARM.Collect$$libinit$$0000002E)
    __rt_lib_init_cpp_1                      0x0800032f   Thumb Code     0  libinit2.o(.ARM.Collect$$libinit$$00000034)
    __rt_lib_init_exceptions_1               0x0800032f   Thumb Code     0  libinit2.o(.ARM.Collect$$libinit$$00000032)
    __rt_lib_init_return                     0x0800032f   Thumb Code     0  libinit2.o(.ARM.Collect$$libinit$$00000035)
    __rt_lib_init_stdio_1                    0x0800032f   Thumb Code     0  libinit2.o(.ARM.Collect$$libinit$$00000027)
    __rt_lib_shutdown                        0x08000331   Thumb Code     0  libshutdown.o(.ARM.Collect$$libshutdown$$00000000)
    __rt_lib_shutdown_cpp_1                  0x08000333   Thumb Code     0  libshutdown2.o(.ARM.Collect$$libshutdown$$00000002)
    __rt_lib_shutdown_stdio_2                0x08000333   Thumb Code     0  libshutdown2.o(.ARM.Collect$$libshutdown$$00000003)
    __rt_lib_shutdown_fp_trap_1              0x08000337   Thumb Code     0  libshutdown2.o(.ARM.Collect$$libshutdown$$00000007)
    __rt_lib_shutdown_heap_1                 0x08000337   Thumb Code     0  libshutdown2.o(.ARM.Collect$$libshutdown$$0000000F)
    __rt_lib_shutdown_return                 0x08000337   Thumb Code     0  libshutdown2.o(.ARM.Collect$$libshutdown$$00000010)
    __rt_lib_shutdown_signal_1               0x08000337   Thumb Code     0  libshutdown2.o(.ARM.Collect$$libshutdown$$0000000A)
    __rt_lib_shutdown_stdio_1                0x08000337   Thumb Code     0  libshutdown2.o(.ARM.Collect$$libshutdown$$00000004)
    __rt_lib_shutdown_user_alloc_1           0x08000337   Thumb Code     0  libshutdown2.o(.ARM.Collect$$libshutdown$$0000000C)
    __rt_entry                               0x08000339   Thumb Code     0  __rtentry.o(.ARM.Collect$$rtentry$$00000000)
    __rt_entry_presh_1                       0x08000339   Thumb Code     0  __rtentry2.o(.ARM.Collect$$rtentry$$00000002)
    __rt_entry_sh                            0x08000339   Thumb Code     0  __rtentry4.o(.ARM.Collect$$rtentry$$00000004)
    __rt_entry_li                            0x0800033f   Thumb Code     0  __rtentry2.o(.ARM.Collect$$rtentry$$0000000A)
    __rt_entry_postsh_1                      0x0800033f   Thumb Code     0  __rtentry2.o(.ARM.Collect$$rtentry$$00000009)
    __rt_entry_main                          0x08000343   Thumb Code     0  __rtentry2.o(.ARM.Collect$$rtentry$$0000000D)
    __rt_entry_postli_1                      0x08000343   Thumb Code     0  __rtentry2.o(.ARM.Collect$$rtentry$$0000000C)
    __rt_exit                                0x0800034b   Thumb Code     0  rtexit.o(.ARM.Collect$$rtexit$$00000000)
    __rt_exit_ls                             0x0800034d   Thumb Code     0  rtexit2.o(.ARM.Collect$$rtexit$$00000003)
    __rt_exit_prels_1                        0x0800034d   Thumb Code     0  rtexit2.o(.ARM.Collect$$rtexit$$00000002)
    __rt_exit_exit                           0x08000351   Thumb Code     0  rtexit2.o(.ARM.Collect$$rtexit$$00000004)
    Reset_Handler                            0x08000359   Thumb Code     8  startup_stm32f407xx.o(.text)
    NMI_Handler                              0x08000361   Thumb Code     2  startup_stm32f407xx.o(.text)
    HardFault_Handler                        0x08000363   Thumb Code     2  startup_stm32f407xx.o(.text)
    MemManage_Handler                        0x08000365   Thumb Code     2  startup_stm32f407xx.o(.text)
    BusFault_Handler                         0x08000367   Thumb Code     2  startup_stm32f407xx.o(.text)
    UsageFault_Handler                       0x08000369   Thumb Code     2  startup_stm32f407xx.o(.text)
    SVC_Handler                              0x0800036b   Thumb Code     2  startup_stm32f407xx.o(.text)
    DebugMon_Handler                         0x0800036d   Thumb Code     2  startup_stm32f407xx.o(.text)
    PendSV_Handler                           0x0800036f   Thumb Code     2  startup_stm32f407xx.o(.text)
    ADC_IRQHandler                           0x08000373   Thumb Code     0  startup_stm32f407xx.o(.text)
    CAN1_RX0_IRQHandler                      0x08000373   Thumb Code     0  startup_stm32f407xx.o(.text)
    CAN1_RX1_IRQHandler                      0x08000373   Thumb Code     0  startup_stm32f407xx.o(.text)
    CAN1_SCE_IRQHandler                      0x08000373   Thumb Code     0  startup_stm32f407xx.o(.text)
    CAN1_TX_IRQHandler                       0x08000373   Thumb Code     0  startup_stm32f407xx.o(.text)
    CAN2_RX0_IRQHandler                      0x08000373   Thumb Code     0  startup_stm32f407xx.o(.text)
    CAN2_RX1_IRQHandler                      0x08000373   Thumb Code     0  startup_stm32f407xx.o(.text)
    CAN2_SCE_IRQHandler                      0x08000373   Thumb Code     0  startup_stm32f407xx.o(.text)
    CAN2_TX_IRQHandler                       0x08000373   Thumb Code     0  startup_stm32f407xx.o(.text)
    DCMI_IRQHandler                          0x08000373   Thumb Code     0  startup_stm32f407xx.o(.text)
    DMA1_Stream0_IRQHandler                  0x08000373   Thumb Code     0  startup_stm32f407xx.o(.text)
    DMA1_Stream1_IRQHandler                  0x08000373   Thumb Code     0  startup_stm32f407xx.o(.text)
    DMA1_Stream2_IRQHandler                  0x08000373   Thumb Code     0  startup_stm32f407xx.o(.text)
    DMA1_Stream3_IRQHandler                  0x08000373   Thumb Code     0  startup_stm32f407xx.o(.text)
    DMA1_Stream4_IRQHandler                  0x08000373   Thumb Code     0  startup_stm32f407xx.o(.text)
    DMA1_Stream5_IRQHandler                  0x08000373   Thumb Code     0  startup_stm32f407xx.o(.text)
    DMA1_Stream6_IRQHandler                  0x08000373   Thumb Code     0  startup_stm32f407xx.o(.text)
    DMA1_Stream7_IRQHandler                  0x08000373   Thumb Code     0  startup_stm32f407xx.o(.text)
    DMA2_Stream0_IRQHandler                  0x08000373   Thumb Code     0  startup_stm32f407xx.o(.text)
    DMA2_Stream1_IRQHandler                  0x08000373   Thumb Code     0  startup_stm32f407xx.o(.text)
    DMA2_Stream2_IRQHandler                  0x08000373   Thumb Code     0  startup_stm32f407xx.o(.text)
    DMA2_Stream3_IRQHandler                  0x08000373   Thumb Code     0  startup_stm32f407xx.o(.text)
    DMA2_Stream4_IRQHandler                  0x08000373   Thumb Code     0  startup_stm32f407xx.o(.text)
    DMA2_Stream5_IRQHandler                  0x08000373   Thumb Code     0  startup_stm32f407xx.o(.text)
    DMA2_Stream6_IRQHandler                  0x08000373   Thumb Code     0  startup_stm32f407xx.o(.text)
    DMA2_Stream7_IRQHandler                  0x08000373   Thumb Code     0  startup_stm32f407xx.o(.text)
    ETH_IRQHandler                           0x08000373   Thumb Code     0  startup_stm32f407xx.o(.text)
    ETH_WKUP_IRQHandler                      0x08000373   Thumb Code     0  startup_stm32f407xx.o(.text)
    EXTI0_IRQHandler                         0x08000373   Thumb Code     0  startup_stm32f407xx.o(.text)
    EXTI15_10_IRQHandler                     0x08000373   Thumb Code     0  startup_stm32f407xx.o(.text)
    EXTI1_IRQHandler                         0x08000373   Thumb Code     0  startup_stm32f407xx.o(.text)
    EXTI2_IRQHandler                         0x08000373   Thumb Code     0  startup_stm32f407xx.o(.text)
    EXTI3_IRQHandler                         0x08000373   Thumb Code     0  startup_stm32f407xx.o(.text)
    EXTI4_IRQHandler                         0x08000373   Thumb Code     0  startup_stm32f407xx.o(.text)
    EXTI9_5_IRQHandler                       0x08000373   Thumb Code     0  startup_stm32f407xx.o(.text)
    FLASH_IRQHandler                         0x08000373   Thumb Code     0  startup_stm32f407xx.o(.text)
    FMC_IRQHandler                           0x08000373   Thumb Code     0  startup_stm32f407xx.o(.text)
    FPU_IRQHandler                           0x08000373   Thumb Code     0  startup_stm32f407xx.o(.text)
    HASH_RNG_IRQHandler                      0x08000373   Thumb Code     0  startup_stm32f407xx.o(.text)
    I2C1_ER_IRQHandler                       0x08000373   Thumb Code     0  startup_stm32f407xx.o(.text)
    I2C1_EV_IRQHandler                       0x08000373   Thumb Code     0  startup_stm32f407xx.o(.text)
    I2C2_ER_IRQHandler                       0x08000373   Thumb Code     0  startup_stm32f407xx.o(.text)
    I2C2_EV_IRQHandler                       0x08000373   Thumb Code     0  startup_stm32f407xx.o(.text)
    I2C3_ER_IRQHandler                       0x08000373   Thumb Code     0  startup_stm32f407xx.o(.text)
    I2C3_EV_IRQHandler                       0x08000373   Thumb Code     0  startup_stm32f407xx.o(.text)
    OTG_FS_IRQHandler                        0x08000373   Thumb Code     0  startup_stm32f407xx.o(.text)
    OTG_FS_WKUP_IRQHandler                   0x08000373   Thumb Code     0  startup_stm32f407xx.o(.text)
    OTG_HS_EP1_IN_IRQHandler                 0x08000373   Thumb Code     0  startup_stm32f407xx.o(.text)
    OTG_HS_EP1_OUT_IRQHandler                0x08000373   Thumb Code     0  startup_stm32f407xx.o(.text)
    OTG_HS_IRQHandler                        0x08000373   Thumb Code     0  startup_stm32f407xx.o(.text)
    OTG_HS_WKUP_IRQHandler                   0x08000373   Thumb Code     0  startup_stm32f407xx.o(.text)
    PVD_IRQHandler                           0x08000373   Thumb Code     0  startup_stm32f407xx.o(.text)
    RCC_IRQHandler                           0x08000373   Thumb Code     0  startup_stm32f407xx.o(.text)
    RTC_Alarm_IRQHandler                     0x08000373   Thumb Code     0  startup_stm32f407xx.o(.text)
    RTC_WKUP_IRQHandler                      0x08000373   Thumb Code     0  startup_stm32f407xx.o(.text)
    SDIO_IRQHandler                          0x08000373   Thumb Code     0  startup_stm32f407xx.o(.text)
    SPI1_IRQHandler                          0x08000373   Thumb Code     0  startup_stm32f407xx.o(.text)
    SPI2_IRQHandler                          0x08000373   Thumb Code     0  startup_stm32f407xx.o(.text)
    SPI3_IRQHandler                          0x08000373   Thumb Code     0  startup_stm32f407xx.o(.text)
    TAMP_STAMP_IRQHandler                    0x08000373   Thumb Code     0  startup_stm32f407xx.o(.text)
    TIM1_BRK_TIM9_IRQHandler                 0x08000373   Thumb Code     0  startup_stm32f407xx.o(.text)
    TIM1_CC_IRQHandler                       0x08000373   Thumb Code     0  startup_stm32f407xx.o(.text)
    TIM1_TRG_COM_TIM11_IRQHandler            0x08000373   Thumb Code     0  startup_stm32f407xx.o(.text)
    TIM1_UP_TIM10_IRQHandler                 0x08000373   Thumb Code     0  startup_stm32f407xx.o(.text)
    TIM2_IRQHandler                          0x08000373   Thumb Code     0  startup_stm32f407xx.o(.text)
    TIM3_IRQHandler                          0x08000373   Thumb Code     0  startup_stm32f407xx.o(.text)
    TIM4_IRQHandler                          0x08000373   Thumb Code     0  startup_stm32f407xx.o(.text)
    TIM5_IRQHandler                          0x08000373   Thumb Code     0  startup_stm32f407xx.o(.text)
    TIM6_DAC_IRQHandler                      0x08000373   Thumb Code     0  startup_stm32f407xx.o(.text)
    TIM7_IRQHandler                          0x08000373   Thumb Code     0  startup_stm32f407xx.o(.text)
    TIM8_BRK_TIM12_IRQHandler                0x08000373   Thumb Code     0  startup_stm32f407xx.o(.text)
    TIM8_CC_IRQHandler                       0x08000373   Thumb Code     0  startup_stm32f407xx.o(.text)
    TIM8_TRG_COM_TIM14_IRQHandler            0x08000373   Thumb Code     0  startup_stm32f407xx.o(.text)
    TIM8_UP_TIM13_IRQHandler                 0x08000373   Thumb Code     0  startup_stm32f407xx.o(.text)
    UART4_IRQHandler                         0x08000373   Thumb Code     0  startup_stm32f407xx.o(.text)
    UART5_IRQHandler                         0x08000373   Thumb Code     0  startup_stm32f407xx.o(.text)
    USART1_IRQHandler                        0x08000373   Thumb Code     0  startup_stm32f407xx.o(.text)
    USART2_IRQHandler                        0x08000373   Thumb Code     0  startup_stm32f407xx.o(.text)
    USART3_IRQHandler                        0x08000373   Thumb Code     0  startup_stm32f407xx.o(.text)
    USART6_IRQHandler                        0x08000373   Thumb Code     0  startup_stm32f407xx.o(.text)
    WWDG_IRQHandler                          0x08000373   Thumb Code     0  startup_stm32f407xx.o(.text)
    __user_initial_stackheap                 0x08000375   Thumb Code     0  startup_stm32f407xx.o(.text)
    __use_no_semihosting                     0x08000399   Thumb Code     2  use_no_semi_2.o(.text)
    printf                                   0x0800039d   Thumb Code    20  printf.o(.text)
    fprintf                                  0x080003b5   Thumb Code    20  fprintf.o(.text)
    freopen                                  0x080003c9   Thumb Code   160  fopen.o(.text)
    fopen                                    0x08000469   Thumb Code    74  fopen.o(.text)
    _fclose_internal                         0x080004b9   Thumb Code    76  fclose.o(.text)
    fclose                                   0x080004b9   Thumb Code     0  fclose.o(.text)
    strncmp                                  0x08000505   Thumb Code   150  strncmp.o(.text)
    strcmp                                   0x080005a1   Thumb Code   124  strcmpv7em.o(.text)
    __use_two_region_memory                  0x0800061d   Thumb Code     2  heapauxi.o(.text)
    __rt_heap_escrow                         0x0800061f   Thumb Code     2  heapauxi.o(.text)
    __rt_heap_expand                         0x08000621   Thumb Code     2  heapauxi.o(.text)
    __I$use$semihosting                      0x08000623   Thumb Code     0  use_no_semi.o(.text)
    __use_no_semihosting_swi                 0x08000623   Thumb Code     2  use_no_semi.o(.text)
    malloc                                   0x08000625   Thumb Code    94  h1_alloc.o(.text)
    free                                     0x08000683   Thumb Code    78  h1_free.o(.text)
    _printf_pre_padding                      0x080006d1   Thumb Code    44  _printf_pad.o(.text)
    _printf_post_padding                     0x080006fd   Thumb Code    34  _printf_pad.o(.text)
    _printf_truncate_signed                  0x0800071f   Thumb Code    18  _printf_truncate.o(.text)
    _printf_truncate_unsigned                0x08000731   Thumb Code    18  _printf_truncate.o(.text)
    _printf_str                              0x08000743   Thumb Code    82  _printf_str.o(.text)
    _printf_int_dec                          0x08000795   Thumb Code   104  _printf_dec.o(.text)
    _printf_charcount                        0x0800080d   Thumb Code    40  _printf_charcount.o(.text)
    _printf_char_file                        0x08000835   Thumb Code    32  _printf_char_file.o(.text)
    _printf_wctomb                           0x08000859   Thumb Code   182  _printf_wctomb.o(.text)
    _printf_longlong_dec                     0x08000915   Thumb Code   108  _printf_longlong_dec.o(.text)
    _printf_longlong_oct                     0x08000991   Thumb Code    68  _printf_oct_int_ll.o(.text)
    _printf_int_oct                          0x080009d5   Thumb Code    24  _printf_oct_int_ll.o(.text)
    _printf_ll_oct                           0x080009ed   Thumb Code    12  _printf_oct_int_ll.o(.text)
    _printf_longlong_hex                     0x08000a01   Thumb Code    86  _printf_hex_int_ll_ptr.o(.text)
    _printf_int_hex                          0x08000a57   Thumb Code    28  _printf_hex_int_ll_ptr.o(.text)
    _printf_ll_hex                           0x08000a73   Thumb Code    12  _printf_hex_int_ll_ptr.o(.text)
    _printf_hex_ptr                          0x08000a7f   Thumb Code    18  _printf_hex_int_ll_ptr.o(.text)
    __printf                                 0x08000a95   Thumb Code   388  __printf_flags_ss_wp.o(.text)
    _fseek                                   0x08000c1d   Thumb Code   242  fseek.o(.text)
    fseek                                    0x08000c1d   Thumb Code     0  fseek.o(.text)
    _seterr                                  0x08000d15   Thumb Code    20  stdio.o(.text)
    _writebuf                                0x08000d29   Thumb Code   108  stdio.o(.text)
    _fflush                                  0x08000d95   Thumb Code    70  stdio.o(.text)
    _deferredlazyseek                        0x08000ddb   Thumb Code    60  stdio.o(.text)
    __aeabi_memclr4                          0x08000e1d   Thumb Code     0  rt_memclr_w.o(.text)
    __aeabi_memclr8                          0x08000e1d   Thumb Code     0  rt_memclr_w.o(.text)
    __rt_memclr_w                            0x08000e1d   Thumb Code     0  rt_memclr_w.o(.text)
    _memset_w                                0x08000e21   Thumb Code    74  rt_memclr_w.o(.text)
    __rt_heap_descriptor                     0x08000e6d   Thumb Code     8  rt_heap_descriptor_intlibspace.o(.text)
    __use_no_heap                            0x08000e75   Thumb Code     2  hguard.o(.text)
    __heap$guard                             0x08000e77   Thumb Code     2  hguard.o(.text)
    _terminate_user_alloc                    0x08000e79   Thumb Code     2  init_alloc.o(.text)
    _init_user_alloc                         0x08000e7b   Thumb Code     2  init_alloc.o(.text)
    __Heap_Full                              0x08000e7d   Thumb Code    34  init_alloc.o(.text)
    __Heap_Broken                            0x08000e9f   Thumb Code     6  init_alloc.o(.text)
    _init_alloc                              0x08000ea5   Thumb Code    94  init_alloc.o(.text)
    __Heap_Initialize                        0x08000f03   Thumb Code     8  h1_init.o(.text)
    __Heap_DescSize                          0x08000f0b   Thumb Code     4  h1_init.o(.text)
    _ll_udiv10                               0x08000f0f   Thumb Code   138  lludiv10.o(.text)
    _printf_int_common                       0x08000f99   Thumb Code   178  _printf_intcommon.o(.text)
    _printf_fp_dec_real                      0x080011fb   Thumb Code   620  _printf_fp_dec.o(.text)
    _printf_fp_hex_real                      0x08001469   Thumb Code   756  _printf_fp_hex.o(.text)
    _printf_char_common                      0x0800176f   Thumb Code    32  _printf_char_common.o(.text)
    _printf_cs_common                        0x08001795   Thumb Code    20  _printf_char.o(.text)
    _printf_char                             0x080017a9   Thumb Code    16  _printf_char.o(.text)
    _printf_string                           0x080017b9   Thumb Code     8  _printf_char.o(.text)
    _printf_lcs_common                       0x080017c1   Thumb Code    20  _printf_wchar.o(.text)
    _printf_wchar                            0x080017d5   Thumb Code    16  _printf_wchar.o(.text)
    _printf_wstring                          0x080017e5   Thumb Code     8  _printf_wchar.o(.text)
    ferror                                   0x080017ed   Thumb Code     8  ferror.o(.text)
    _ftell_internal                          0x080017f5   Thumb Code    66  ftell.o(.text)
    ftell                                    0x080017f5   Thumb Code     0  ftell.o(.text)
    _initio                                  0x08001839   Thumb Code   210  initio.o(.text)
    _terminateio                             0x0800190b   Thumb Code    56  initio.o(.text)
    _c16rtomb                                0x08001971   Thumb Code    72  _c16rtomb.o(.text)
    _wcrtomb                                 0x08001971   Thumb Code     0  _c16rtomb.o(.text)
    __user_libspace                          0x080019b9   Thumb Code     8  libspace.o(.text)
    __user_perproc_libspace                  0x080019b9   Thumb Code     0  libspace.o(.text)
    __user_perthread_libspace                0x080019b9   Thumb Code     0  libspace.o(.text)
    __user_setup_stackheap                   0x080019c1   Thumb Code    74  sys_stackheap_outer.o(.text)
    __rt_ctype_table                         0x08001a0d   Thumb Code    16  rt_ctype_table.o(.text)
    __rt_locale                              0x08001a1d   Thumb Code     8  rt_locale_intlibspace.o(.text)
    __aeabi_errno_addr                       0x08001a25   Thumb Code     8  rt_errno_addr_intlibspace.o(.text)
    __errno$intlibspace                      0x08001a25   Thumb Code     0  rt_errno_addr_intlibspace.o(.text)
    __rt_errno_addr$intlibspace              0x08001a25   Thumb Code     0  rt_errno_addr_intlibspace.o(.text)
    __Heap_ProvideMemory                     0x08001a2d   Thumb Code    52  h1_extend.o(.text)
    _maybe_terminate_alloc                   0x08001a2d   Thumb Code     0  maybetermalloc1.o(.text)
    _printf_fp_infnan                        0x08001a61   Thumb Code   112  _printf_fp_infnan.o(.text)
    _btod_etento                             0x08001ae1   Thumb Code   224  bigflt0.o(.text)
    __flsbuf                                 0x08001bc5   Thumb Code   482  flsbuf.o(.text)
    __flsbuf_byte                            0x08001bc5   Thumb Code     0  flsbuf.o(.text)
    __flsbuf_wide                            0x08001bc5   Thumb Code     0  flsbuf.o(.text)
    setvbuf                                  0x08001da7   Thumb Code    70  setvbuf.o(.text)
    exit                                     0x08001ded   Thumb Code    18  exit.o(.text)
    __rt_SIGRTRED                            0x08001dff   Thumb Code    14  defsig_rtred_outer.o(.text)
    __rt_SIGRTMEM                            0x08001e0d   Thumb Code    14  defsig_rtmem_outer.o(.text)
    __sig_exit                               0x08001e1b   Thumb Code    10  defsig_exit.o(.text)
    __rt_SIGRTRED_inner                      0x08001e25   Thumb Code    14  defsig_rtred_inner.o(.text)
    __rt_SIGRTMEM_inner                      0x08001e59   Thumb Code    22  defsig_rtmem_inner.o(.text)
    __default_signal_display                 0x08001ea9   Thumb Code    50  defsig_general.o(.text)
    Delay                                    0x08001edd   Thumb Code    46  main.o(.text.Delay)
    SysTick_Handler                          0x08001f0d   Thumb Code    34  handlers.o(.text.SysTick_Handler)
    SystemInit                               0x08001f31   Thumb Code    58  system_stm32f4xx.o(.text.SystemInit)
    _sys_close                               0x08001f6d   Thumb Code    90  retarget.o(.text._sys_close)
    _sys_exit                                0x08001fc9   Thumb Code     8  retarget.o(.text._sys_exit)
    _sys_flen                                0x08001fd1   Thumb Code    72  retarget_io.o(.text._sys_flen)
    _sys_istty                               0x08002019   Thumb Code    90  retarget.o(.text._sys_istty)
    _sys_open                                0x08002075   Thumb Code   134  retarget.o(.text._sys_open)
    _sys_seek                                0x080020fd   Thumb Code    82  retarget_io.o(.text._sys_seek)
    _sys_write                               0x08002151   Thumb Code   122  retarget.o(.text._sys_write)
    _ttywrch                                 0x080021cd   Thumb Code    16  retarget.o(.text._ttywrch)
    dash                                     0x080021dd   Thumb Code    46  low_level_morse.o(.text.dash)
    dot                                      0x0800220d   Thumb Code    46  low_level_morse.o(.text.dot)
    init_Clock                               0x0800223d   Thumb Code   204  init.o(.text.init_Clock)
    init_DefaultClock                        0x08002309   Thumb Code    80  init.o(.text.init_DefaultClock)
    init_FlashAccess                         0x08002359   Thumb Code    58  init.o(.text.init_FlashAccess)
    init_SysTick                             0x08002395   Thumb Code    82  init.o(.text.init_SysTick)
    init_USART2                              0x080023e9   Thumb Code   164  init.o(.text.init_USART2)
    main                                     0x0800248d   Thumb Code   336  main.o(.text.main)
    morse_code                               0x080025dd   Thumb Code    82  low_level_morse.o(.text.morse_code)
    send_char_morse                          0x08002631   Thumb Code    94  low_level_morse.o(.text.send_char_morse)
    sendchar_USART2                          0x08002691   Thumb Code    44  retarget.o(.text.sendchar_USART2)
    _btod_d2e                                0x080026bd   Thumb Code    62  btod.o(CL$$btod_d2e)
    _d2e_denorm_low                          0x080026fb   Thumb Code    70  btod.o(CL$$btod_d2e_denorm_low)
    _d2e_norm_op1                            0x08002741   Thumb Code    96  btod.o(CL$$btod_d2e_norm_op1)
    __btod_div_common                        0x080027a1   Thumb Code   696  btod.o(CL$$btod_div_common)
    _e2e                                     0x08002ad9   Thumb Code   220  btod.o(CL$$btod_e2e)
    _btod_ediv                               0x08002bb5   Thumb Code    42  btod.o(CL$$btod_ediv)
    _btod_emul                               0x08002bdf   Thumb Code    42  btod.o(CL$$btod_emul)
    __btod_mult_common                       0x08002c09   Thumb Code   580  btod.o(CL$$btod_mult_common)
    __ARM_fpclassify                         0x08002e4d   Thumb Code    48  fpclassify.o(i.__ARM_fpclassify)
    _is_digit                                0x08002e7d   Thumb Code    14  __printf_wp.o(i._is_digit)
    fputc                                    0x08002e8b   Thumb Code    28  fputc.o(i.fputc)
    _get_lc_numeric                          0x08002ea9   Thumb Code    44  lc_numeric_c.o(locale$$code)
    _get_lc_ctype                            0x08002ed5   Thumb Code    44  lc_ctype_c.o(locale$$code)
    _fp_init                                 0x08002f01   Thumb Code    26  fpinit.o(x$fpl$fpinit)
    __fplib_config_fpu_vfp                   0x08002f19   Thumb Code     0  fpinit.o(x$fpl$fpinit)
    __fplib_config_pureend_doubles           0x08002f19   Thumb Code     0  fpinit.o(x$fpl$fpinit)
    _printf_fp_dec                           0x08002f1b   Thumb Code     4  printf1.o(x$fpl$printf1)
    _printf_fp_hex                           0x08002f1f   Thumb Code     4  printf2.o(x$fpl$printf2)
    __I$use$fp                               0x08002f22   Number         0  usenofp.o(x$fpl$usenofp)
    __stderr_name                            0x08003020   Data           8  retarget_io.o(.rodata.__stderr_name)
    __stdin_name                             0x08003028   Data           7  retarget_io.o(.rodata.__stdin_name)
    __stdout_name                            0x0800302f   Data           8  retarget_io.o(.rodata.__stdout_name)
    Region$$Table$$Base                      0x080030a4   Number         0  anon$$obj.o(Region$$Table)
    Region$$Table$$Limit                     0x080030c4   Number         0  anon$$obj.o(Region$$Table)
    __ctype                                  0x080030ed   Data           0  lc_ctype_c.o(locale$$data)
    __aeabi_stdin                            0x20000000   Data           4  stdio_streams.o(.data)
    __aeabi_stdout                           0x20000004   Data           4  stdio_streams.o(.data)
    __aeabi_stderr                           0x20000008   Data           4  stdio_streams.o(.data)
    __stdin                                  0x20000258   Data          84  stdio_streams.o(.bss)
    __stdout                                 0x200002ac   Data          84  stdio_streams.o(.bss)
    __stderr                                 0x20000300   Data          84  stdio_streams.o(.bss)
    __libspace_start                         0x20000354   Data          96  libspace.o(.bss)
    __temporary_stack_top$libspace           0x200003b4   Data           0  libspace.o(.bss)
    msTicks                                  0x200003b4   Data           4  handlers.o(.bss.msTicks)



==============================================================================

Memory Map of the image

  Image Entry point : 0x08000359

  Load Region LR_1 (Base: 0x08000000, Size: 0x00003444, Max: 0xffffffff, ABSOLUTE, COMPRESSED[0x00003290])

    Execution Region ER_RO (Exec base: 0x08000000, Load base: 0x08000000, Size: 0x000031f0, Max: 0xffffffff, ABSOLUTE)

    Exec Addr    Load Addr    Size         Type   Attr      Idx    E Section Name        Object

    0x08000000   0x08000000   0x00000188   Data   RO          108    RESET               startup_stm32f407xx.o
    0x08000188   0x08000188   0x00000008   Code   RO          151  * !!!main             c_w.l(__main.o)
    0x08000190   0x08000190   0x0000005c   Code   RO          650    !!!scatter          c_w.l(__scatter.o)
    0x080001ec   0x080001ec   0x00000064   Code   RO          648    !!dclz77c           c_w.l(__dclz77c.o)
    0x08000250   0x08000250   0x00000002   Code   RO          651    !!handler_null      c_w.l(__scatter.o)
    0x08000252   0x08000252   0x00000002   PAD
    0x08000254   0x08000254   0x0000001c   Code   RO          654    !!handler_zi        c_w.l(__scatter_zi.o)
    0x08000270   0x08000270   0x00000000   Code   RO          299    .ARM.Collect$$_printf_percent$$00000000  c_w.l(_printf_percent.o)
    0x08000270   0x08000270   0x00000006   Code   RO          288    .ARM.Collect$$_printf_percent$$00000001  c_w.l(_printf_n.o)
    0x08000276   0x08000276   0x00000006   Code   RO          290    .ARM.Collect$$_printf_percent$$00000002  c_w.l(_printf_p.o)
    0x0800027c   0x0800027c   0x00000006   Code   RO          295    .ARM.Collect$$_printf_percent$$00000003  c_w.l(_printf_f.o)
    0x08000282   0x08000282   0x00000006   Code   RO          296    .ARM.Collect$$_printf_percent$$00000004  c_w.l(_printf_e.o)
    0x08000288   0x08000288   0x00000006   Code   RO          297    .ARM.Collect$$_printf_percent$$00000005  c_w.l(_printf_g.o)
    0x0800028e   0x0800028e   0x00000006   Code   RO          298    .ARM.Collect$$_printf_percent$$00000006  c_w.l(_printf_a.o)
    0x08000294   0x08000294   0x0000000a   Code   RO          303    .ARM.Collect$$_printf_percent$$00000007  c_w.l(_printf_ll.o)
    0x0800029e   0x0800029e   0x00000006   Code   RO          292    .ARM.Collect$$_printf_percent$$00000008  c_w.l(_printf_i.o)
    0x080002a4   0x080002a4   0x00000006   Code   RO          293    .ARM.Collect$$_printf_percent$$00000009  c_w.l(_printf_d.o)
    0x080002aa   0x080002aa   0x00000006   Code   RO          294    .ARM.Collect$$_printf_percent$$0000000A  c_w.l(_printf_u.o)
    0x080002b0   0x080002b0   0x00000006   Code   RO          291    .ARM.Collect$$_printf_percent$$0000000B  c_w.l(_printf_o.o)
    0x080002b6   0x080002b6   0x00000006   Code   RO          289    .ARM.Collect$$_printf_percent$$0000000C  c_w.l(_printf_x.o)
    0x080002bc   0x080002bc   0x00000006   Code   RO          300    .ARM.Collect$$_printf_percent$$0000000D  c_w.l(_printf_lli.o)
    0x080002c2   0x080002c2   0x00000006   Code   RO          301    .ARM.Collect$$_printf_percent$$0000000E  c_w.l(_printf_lld.o)
    0x080002c8   0x080002c8   0x00000006   Code   RO          302    .ARM.Collect$$_printf_percent$$0000000F  c_w.l(_printf_llu.o)
    0x080002ce   0x080002ce   0x00000006   Code   RO          307    .ARM.Collect$$_printf_percent$$00000010  c_w.l(_printf_llo.o)
    0x080002d4   0x080002d4   0x00000006   Code   RO          308    .ARM.Collect$$_printf_percent$$00000011  c_w.l(_printf_llx.o)
    0x080002da   0x080002da   0x0000000a   Code   RO          304    .ARM.Collect$$_printf_percent$$00000012  c_w.l(_printf_l.o)
    0x080002e4   0x080002e4   0x00000006   Code   RO          286    .ARM.Collect$$_printf_percent$$00000013  c_w.l(_printf_c.o)
    0x080002ea   0x080002ea   0x00000006   Code   RO          287    .ARM.Collect$$_printf_percent$$00000014  c_w.l(_printf_s.o)
    0x080002f0   0x080002f0   0x00000006   Code   RO          305    .ARM.Collect$$_printf_percent$$00000015  c_w.l(_printf_lc.o)
    0x080002f6   0x080002f6   0x00000006   Code   RO          306    .ARM.Collect$$_printf_percent$$00000016  c_w.l(_printf_ls.o)
    0x080002fc   0x080002fc   0x00000004   Code   RO          385    .ARM.Collect$$_printf_percent$$00000017  c_w.l(_printf_percent_end.o)
    0x08000300   0x08000300   0x00000002   Code   RO          544    .ARM.Collect$$libinit$$00000000  c_w.l(libinit.o)
    0x08000302   0x08000302   0x00000004   Code   RO          408    .ARM.Collect$$libinit$$00000001  c_w.l(libinit2.o)
    0x08000306   0x08000306   0x00000000   Code   RO          411    .ARM.Collect$$libinit$$00000004  c_w.l(libinit2.o)
    0x08000306   0x08000306   0x00000000   Code   RO          413    .ARM.Collect$$libinit$$00000006  c_w.l(libinit2.o)
    0x08000306   0x08000306   0x00000008   Code   RO          414    .ARM.Collect$$libinit$$00000007  c_w.l(libinit2.o)
    0x0800030e   0x0800030e   0x00000000   Code   RO          416    .ARM.Collect$$libinit$$0000000C  c_w.l(libinit2.o)
    0x0800030e   0x0800030e   0x00000000   Code   RO          418    .ARM.Collect$$libinit$$0000000E  c_w.l(libinit2.o)
    0x0800030e   0x0800030e   0x00000000   Code   RO          420    .ARM.Collect$$libinit$$00000010  c_w.l(libinit2.o)
    0x0800030e   0x0800030e   0x00000006   Code   RO          421    .ARM.Collect$$libinit$$00000011  c_w.l(libinit2.o)
    0x08000314   0x08000314   0x00000000   Code   RO          423    .ARM.Collect$$libinit$$00000013  c_w.l(libinit2.o)
    0x08000314   0x08000314   0x0000000c   Code   RO          424    .ARM.Collect$$libinit$$00000014  c_w.l(libinit2.o)
    0x08000320   0x08000320   0x00000000   Code   RO          425    .ARM.Collect$$libinit$$00000015  c_w.l(libinit2.o)
    0x08000320   0x08000320   0x00000000   Code   RO          427    .ARM.Collect$$libinit$$00000017  c_w.l(libinit2.o)
    0x08000320   0x08000320   0x0000000a   Code   RO          428    .ARM.Collect$$libinit$$00000018  c_w.l(libinit2.o)
    0x0800032a   0x0800032a   0x00000000   Code   RO          429    .ARM.Collect$$libinit$$00000019  c_w.l(libinit2.o)
    0x0800032a   0x0800032a   0x00000000   Code   RO          431    .ARM.Collect$$libinit$$0000001B  c_w.l(libinit2.o)
    0x0800032a   0x0800032a   0x00000000   Code   RO          433    .ARM.Collect$$libinit$$0000001D  c_w.l(libinit2.o)
    0x0800032a   0x0800032a   0x00000000   Code   RO          435    .ARM.Collect$$libinit$$0000001F  c_w.l(libinit2.o)
    0x0800032a   0x0800032a   0x00000000   Code   RO          437    .ARM.Collect$$libinit$$00000021  c_w.l(libinit2.o)
    0x0800032a   0x0800032a   0x00000000   Code   RO          439    .ARM.Collect$$libinit$$00000023  c_w.l(libinit2.o)
    0x0800032a   0x0800032a   0x00000000   Code   RO          441    .ARM.Collect$$libinit$$00000025  c_w.l(libinit2.o)
    0x0800032a   0x0800032a   0x00000004   Code   RO          442    .ARM.Collect$$libinit$$00000026  c_w.l(libinit2.o)
    0x0800032e   0x0800032e   0x00000000   Code   RO          443    .ARM.Collect$$libinit$$00000027  c_w.l(libinit2.o)
    0x0800032e   0x0800032e   0x00000000   Code   RO          447    .ARM.Collect$$libinit$$0000002E  c_w.l(libinit2.o)
    0x0800032e   0x0800032e   0x00000000   Code   RO          449    .ARM.Collect$$libinit$$00000030  c_w.l(libinit2.o)
    0x0800032e   0x0800032e   0x00000000   Code   RO          451    .ARM.Collect$$libinit$$00000032  c_w.l(libinit2.o)
    0x0800032e   0x0800032e   0x00000000   Code   RO          453    .ARM.Collect$$libinit$$00000034  c_w.l(libinit2.o)
    0x0800032e   0x0800032e   0x00000002   Code   RO          454    .ARM.Collect$$libinit$$00000035  c_w.l(libinit2.o)
    0x08000330   0x08000330   0x00000002   Code   RO          631    .ARM.Collect$$libshutdown$$00000000  c_w.l(libshutdown.o)
    0x08000332   0x08000332   0x00000000   Code   RO          546    .ARM.Collect$$libshutdown$$00000002  c_w.l(libshutdown2.o)
    0x08000332   0x08000332   0x00000004   Code   RO          547    .ARM.Collect$$libshutdown$$00000003  c_w.l(libshutdown2.o)
    0x08000336   0x08000336   0x00000000   Code   RO          548    .ARM.Collect$$libshutdown$$00000004  c_w.l(libshutdown2.o)
    0x08000336   0x08000336   0x00000000   Code   RO          551    .ARM.Collect$$libshutdown$$00000007  c_w.l(libshutdown2.o)
    0x08000336   0x08000336   0x00000000   Code   RO          554    .ARM.Collect$$libshutdown$$0000000A  c_w.l(libshutdown2.o)
    0x08000336   0x08000336   0x00000000   Code   RO          556    .ARM.Collect$$libshutdown$$0000000C  c_w.l(libshutdown2.o)
    0x08000336   0x08000336   0x00000000   Code   RO          559    .ARM.Collect$$libshutdown$$0000000F  c_w.l(libshutdown2.o)
    0x08000336   0x08000336   0x00000002   Code   RO          560    .ARM.Collect$$libshutdown$$00000010  c_w.l(libshutdown2.o)
    0x08000338   0x08000338   0x00000000   Code   RO          157    .ARM.Collect$$rtentry$$00000000  c_w.l(__rtentry.o)
    0x08000338   0x08000338   0x00000000   Code   RO          331    .ARM.Collect$$rtentry$$00000002  c_w.l(__rtentry2.o)
    0x08000338   0x08000338   0x00000006   Code   RO          343    .ARM.Collect$$rtentry$$00000004  c_w.l(__rtentry4.o)
    0x0800033e   0x0800033e   0x00000000   Code   RO          333    .ARM.Collect$$rtentry$$00000009  c_w.l(__rtentry2.o)
    0x0800033e   0x0800033e   0x00000004   Code   RO          334    .ARM.Collect$$rtentry$$0000000A  c_w.l(__rtentry2.o)
    0x08000342   0x08000342   0x00000000   Code   RO          336    .ARM.Collect$$rtentry$$0000000C  c_w.l(__rtentry2.o)
    0x08000342   0x08000342   0x00000008   Code   RO          337    .ARM.Collect$$rtentry$$0000000D  c_w.l(__rtentry2.o)
    0x0800034a   0x0800034a   0x00000002   Code   RO          571    .ARM.Collect$$rtexit$$00000000  c_w.l(rtexit.o)
    0x0800034c   0x0800034c   0x00000000   Code   RO          601    .ARM.Collect$$rtexit$$00000002  c_w.l(rtexit2.o)
    0x0800034c   0x0800034c   0x00000004   Code   RO          602    .ARM.Collect$$rtexit$$00000003  c_w.l(rtexit2.o)
    0x08000350   0x08000350   0x00000006   Code   RO          603    .ARM.Collect$$rtexit$$00000004  c_w.l(rtexit2.o)
    0x08000356   0x08000356   0x00000002   PAD
    0x08000358   0x08000358   0x00000040   Code   RO          109  * .text               startup_stm32f407xx.o
    0x08000398   0x08000398   0x00000002   Code   RO          131    .text               c_w.l(use_no_semi_2.o)
    0x0800039a   0x0800039a   0x00000002   PAD
    0x0800039c   0x0800039c   0x00000018   Code   RO          133    .text               c_w.l(printf.o)
    0x080003b4   0x080003b4   0x00000014   Code   RO          135    .text               c_w.l(fprintf.o)
    0x080003c8   0x080003c8   0x000000f0   Code   RO          137    .text               c_w.l(fopen.o)
    0x080004b8   0x080004b8   0x0000004c   Code   RO          139    .text               c_w.l(fclose.o)
    0x08000504   0x08000504   0x00000096   Code   RO          145    .text               c_w.l(strncmp.o)
    0x0800059a   0x0800059a   0x00000006   PAD
    0x080005a0   0x080005a0   0x0000007c   Code   RO          147    .text               c_w.l(strcmpv7em.o)
    0x0800061c   0x0800061c   0x00000006   Code   RO          149    .text               c_w.l(heapauxi.o)
    0x08000622   0x08000622   0x00000002   Code   RO          153    .text               c_w.l(use_no_semi.o)
    0x08000624   0x08000624   0x0000005e   Code   RO          162    .text               c_w.l(h1_alloc.o)
    0x08000682   0x08000682   0x0000004e   Code   RO          164    .text               c_w.l(h1_free.o)
    0x080006d0   0x080006d0   0x0000004e   Code   RO          222    .text               c_w.l(_printf_pad.o)
    0x0800071e   0x0800071e   0x00000024   Code   RO          224    .text               c_w.l(_printf_truncate.o)
    0x08000742   0x08000742   0x00000052   Code   RO          226    .text               c_w.l(_printf_str.o)
    0x08000794   0x08000794   0x00000078   Code   RO          228    .text               c_w.l(_printf_dec.o)
    0x0800080c   0x0800080c   0x00000028   Code   RO          230    .text               c_w.l(_printf_charcount.o)
    0x08000834   0x08000834   0x00000024   Code   RO          232    .text               c_w.l(_printf_char_file.o)
    0x08000858   0x08000858   0x000000bc   Code   RO          234    .text               c_w.l(_printf_wctomb.o)
    0x08000914   0x08000914   0x0000007c   Code   RO          237    .text               c_w.l(_printf_longlong_dec.o)
    0x08000990   0x08000990   0x00000070   Code   RO          243    .text               c_w.l(_printf_oct_int_ll.o)
    0x08000a00   0x08000a00   0x00000094   Code   RO          263    .text               c_w.l(_printf_hex_int_ll_ptr.o)
    0x08000a94   0x08000a94   0x00000188   Code   RO          283    .text               c_w.l(__printf_flags_ss_wp.o)
    0x08000c1c   0x08000c1c   0x000000f8   Code   RO          309    .text               c_w.l(fseek.o)
    0x08000d14   0x08000d14   0x00000108   Code   RO          311    .text               c_w.l(stdio.o)
    0x08000e1c   0x08000e1c   0x0000004e   Code   RO          320    .text               c_w.l(rt_memclr_w.o)
    0x08000e6a   0x08000e6a   0x00000002   PAD
    0x08000e6c   0x08000e6c   0x00000008   Code   RO          348    .text               c_w.l(rt_heap_descriptor_intlibspace.o)
    0x08000e74   0x08000e74   0x00000004   Code   RO          350    .text               c_w.l(hguard.o)
    0x08000e78   0x08000e78   0x0000008a   Code   RO          352    .text               c_w.l(init_alloc.o)
    0x08000f02   0x08000f02   0x0000000c   Code   RO          356    .text               c_w.l(h1_init.o)
    0x08000f0e   0x08000f0e   0x0000008a   Code   RO          368    .text               c_w.l(lludiv10.o)
    0x08000f98   0x08000f98   0x000000b2   Code   RO          370    .text               c_w.l(_printf_intcommon.o)
    0x0800104a   0x0800104a   0x0000041c   Code   RO          372    .text               c_w.l(_printf_fp_dec.o)
    0x08001466   0x08001466   0x00000002   PAD
    0x08001468   0x08001468   0x000002fc   Code   RO          376    .text               c_w.l(_printf_fp_hex.o)
    0x08001764   0x08001764   0x00000030   Code   RO          379    .text               c_w.l(_printf_char_common.o)
    0x08001794   0x08001794   0x0000002c   Code   RO          381    .text               c_w.l(_printf_char.o)
    0x080017c0   0x080017c0   0x0000002c   Code   RO          383    .text               c_w.l(_printf_wchar.o)
    0x080017ec   0x080017ec   0x00000008   Code   RO          386    .text               c_w.l(ferror.o)
    0x080017f4   0x080017f4   0x00000042   Code   RO          392    .text               c_w.l(ftell.o)
    0x08001836   0x08001836   0x00000002   PAD
    0x08001838   0x08001838   0x00000138   Code   RO          394    .text               c_w.l(initio.o)
    0x08001970   0x08001970   0x00000048   Code   RO          402    .text               c_w.l(_c16rtomb.o)
    0x080019b8   0x080019b8   0x00000008   Code   RO          459    .text               c_w.l(libspace.o)
    0x080019c0   0x080019c0   0x0000004a   Code   RO          462    .text               c_w.l(sys_stackheap_outer.o)
    0x08001a0a   0x08001a0a   0x00000002   PAD
    0x08001a0c   0x08001a0c   0x00000010   Code   RO          464    .text               c_w.l(rt_ctype_table.o)
    0x08001a1c   0x08001a1c   0x00000008   Code   RO          469    .text               c_w.l(rt_locale_intlibspace.o)
    0x08001a24   0x08001a24   0x00000008   Code   RO          474    .text               c_w.l(rt_errno_addr_intlibspace.o)
    0x08001a2c   0x08001a2c   0x00000000   Code   RO          478    .text               c_w.l(maybetermalloc1.o)
    0x08001a2c   0x08001a2c   0x00000034   Code   RO          480    .text               c_w.l(h1_extend.o)
    0x08001a60   0x08001a60   0x00000080   Code   RO          484    .text               c_w.l(_printf_fp_infnan.o)
    0x08001ae0   0x08001ae0   0x000000e4   Code   RO          488    .text               c_w.l(bigflt0.o)
    0x08001bc4   0x08001bc4   0x000001e2   Code   RO          515    .text               c_w.l(flsbuf.o)
    0x08001da6   0x08001da6   0x00000046   Code   RO          517    .text               c_w.l(setvbuf.o)
    0x08001dec   0x08001dec   0x00000012   Code   RO          524    .text               c_w.l(exit.o)
    0x08001dfe   0x08001dfe   0x0000000e   Code   RO          526    .text               c_w.l(defsig_rtred_outer.o)
    0x08001e0c   0x08001e0c   0x0000000e   Code   RO          530    .text               c_w.l(defsig_rtmem_outer.o)
    0x08001e1a   0x08001e1a   0x0000000a   Code   RO          588    .text               c_w.l(defsig_exit.o)
    0x08001e24   0x08001e24   0x00000034   Code   RO          590    .text               c_w.l(defsig_rtred_inner.o)
    0x08001e58   0x08001e58   0x00000050   Code   RO          592    .text               c_w.l(defsig_rtmem_inner.o)
    0x08001ea8   0x08001ea8   0x00000032   Code   RO          623    .text               c_w.l(defsig_general.o)
    0x08001eda   0x08001eda   0x00000002   PAD
    0x08001edc   0x08001edc   0x0000002e   Code   RO           19    .text.Delay         main.o
    0x08001f0a   0x08001f0a   0x00000002   PAD
    0x08001f0c   0x08001f0c   0x00000022   Code   RO           32    .text.SysTick_Handler  handlers.o
    0x08001f2e   0x08001f2e   0x00000002   PAD
    0x08001f30   0x08001f30   0x0000003a   Code   RO          116    .text.SystemInit    system_stm32f4xx.o
    0x08001f6a   0x08001f6a   0x00000002   PAD
    0x08001f6c   0x08001f6c   0x0000005a   Code   RO           53    .text._sys_close    retarget.o
    0x08001fc6   0x08001fc6   0x00000002   PAD
    0x08001fc8   0x08001fc8   0x00000008   Code   RO           51    .text._sys_exit     retarget.o
    0x08001fd0   0x08001fd0   0x00000048   Code   RO           94    .text._sys_flen     retarget_io.o
    0x08002018   0x08002018   0x0000005a   Code   RO           43    .text._sys_istty    retarget.o
    0x08002072   0x08002072   0x00000002   PAD
    0x08002074   0x08002074   0x00000086   Code   RO           41    .text._sys_open     retarget.o
    0x080020fa   0x080020fa   0x00000002   PAD
    0x080020fc   0x080020fc   0x00000052   Code   RO           92    .text._sys_seek     retarget_io.o
    0x0800214e   0x0800214e   0x00000002   PAD
    0x08002150   0x08002150   0x0000007a   Code   RO           45    .text._sys_write    retarget.o
    0x080021ca   0x080021ca   0x00000002   PAD
    0x080021cc   0x080021cc   0x00000010   Code   RO           49    .text._ttywrch      retarget.o
    0x080021dc   0x080021dc   0x0000002e   Code   RO           67    .text.dash          low_level_morse.o
    0x0800220a   0x0800220a   0x00000002   PAD
    0x0800220c   0x0800220c   0x0000002e   Code   RO           69    .text.dot           low_level_morse.o
    0x0800223a   0x0800223a   0x00000002   PAD
    0x0800223c   0x0800223c   0x000000cc   Code   RO            4    .text.init_Clock    init.o
    0x08002308   0x08002308   0x00000050   Code   RO            2    .text.init_DefaultClock  init.o
    0x08002358   0x08002358   0x0000003a   Code   RO            6    .text.init_FlashAccess  init.o
    0x08002392   0x08002392   0x00000002   PAD
    0x08002394   0x08002394   0x00000052   Code   RO            8    .text.init_SysTick  init.o
    0x080023e6   0x080023e6   0x00000002   PAD
    0x080023e8   0x080023e8   0x000000a4   Code   RO           10    .text.init_USART2   init.o
    0x0800248c   0x0800248c   0x00000150   Code   RO           21    .text.main          main.o
    0x080025dc   0x080025dc   0x00000052   Code   RO           63    .text.morse_code    low_level_morse.o
    0x0800262e   0x0800262e   0x00000002   PAD
    0x08002630   0x08002630   0x0000005e   Code   RO           65    .text.send_char_morse  low_level_morse.o
    0x0800268e   0x0800268e   0x00000002   PAD
    0x08002690   0x08002690   0x0000002c   Code   RO           47    .text.sendchar_USART2  retarget.o
    0x080026bc   0x080026bc   0x0000003e   Code   RO          491    CL$$btod_d2e        c_w.l(btod.o)
    0x080026fa   0x080026fa   0x00000046   Code   RO          493    CL$$btod_d2e_denorm_low  c_w.l(btod.o)
    0x08002740   0x08002740   0x00000060   Code   RO          492    CL$$btod_d2e_norm_op1  c_w.l(btod.o)
    0x080027a0   0x080027a0   0x00000338   Code   RO          501    CL$$btod_div_common  c_w.l(btod.o)
    0x08002ad8   0x08002ad8   0x000000dc   Code   RO          498    CL$$btod_e2e        c_w.l(btod.o)
    0x08002bb4   0x08002bb4   0x0000002a   Code   RO          495    CL$$btod_ediv       c_w.l(btod.o)
    0x08002bde   0x08002bde   0x0000002a   Code   RO          494    CL$$btod_emul       c_w.l(btod.o)
    0x08002c08   0x08002c08   0x00000244   Code   RO          500    CL$$btod_mult_common  c_w.l(btod.o)
    0x08002e4c   0x08002e4c   0x00000030   Code   RO          568    i.__ARM_fpclassify  m_wm.l(fpclassify.o)
    0x08002e7c   0x08002e7c   0x0000000e   Code   RO          276    i._is_digit         c_w.l(__printf_wp.o)
    0x08002e8a   0x08002e8a   0x0000001c   Code   RO          389    i.fputc             c_w.l(fputc.o)
    0x08002ea6   0x08002ea6   0x00000002   PAD
    0x08002ea8   0x08002ea8   0x0000002c   Code   RO          522    locale$$code        c_w.l(lc_numeric_c.o)
    0x08002ed4   0x08002ed4   0x0000002c   Code   RO          586    locale$$code        c_w.l(lc_ctype_c.o)
    0x08002f00   0x08002f00   0x0000001a   Code   RO          563    x$fpl$fpinit        fz_wm.l(fpinit.o)
    0x08002f1a   0x08002f1a   0x00000004   Code   RO          322    x$fpl$printf1       fz_wm.l(printf1.o)
    0x08002f1e   0x08002f1e   0x00000004   Code   RO          324    x$fpl$printf2       fz_wm.l(printf2.o)
    0x08002f22   0x08002f22   0x00000000   Code   RO          567    x$fpl$usenofp       fz_wm.l(usenofp.o)
    0x08002f22   0x08002f22   0x00000002   PAD
    0x08002f24   0x08002f24   0x00000008   Data   RO          235    .constdata          c_w.l(_printf_wctomb.o)
    0x08002f2c   0x08002f2c   0x00000028   Data   RO          264    .constdata          c_w.l(_printf_hex_int_ll_ptr.o)
    0x08002f54   0x08002f54   0x00000011   Data   RO          284    .constdata          c_w.l(__printf_flags_ss_wp.o)
    0x08002f65   0x08002f65   0x00000026   Data   RO          377    .constdata          c_w.l(_printf_fp_hex.o)
    0x08002f8b   0x08002f8b   0x00000001   PAD
    0x08002f8c   0x08002f8c   0x00000094   Data   RO          489    .constdata          c_w.l(bigflt0.o)
    0x08003020   0x08003020   0x00000008   Data   RO           98    .rodata.__stderr_name  retarget_io.o
    0x08003028   0x08003028   0x00000007   Data   RO           96    .rodata.__stdin_name  retarget_io.o
    0x0800302f   0x0800302f   0x00000008   Data   RO           97    .rodata.__stdout_name  retarget_io.o
    0x08003037   0x08003037   0x00000054   Data   RO           23    .rodata.str1.1      main.o
    0x0800308b   0x0800308b   0x00000017   Data   RO           55    .rodata.str1.1      retarget.o
    0x080030a2   0x080030a2   0x00000002   PAD
    0x080030a4   0x080030a4   0x00000020   Data   RO          647    Region$$Table       anon$$obj.o
    0x080030c4   0x080030c4   0x0000001c   Data   RO          521    locale$$data        c_w.l(lc_numeric_c.o)
    0x080030e0   0x080030e0   0x00000110   Data   RO          585    locale$$data        c_w.l(lc_ctype_c.o)


    Execution Region ER_RW (Exec base: 0x20000000, Load base: 0x080031f0, Size: 0x00000254, Max: 0xffffffff, ABSOLUTE, COMPRESSED[0x000000a0])

    Exec Addr    Load Addr    Size         Type   Attr      Idx    E Section Name        Object

    0x20000000   COMPRESSED   0x00000004   Data   RW          317    .data               c_w.l(stdio_streams.o)
    0x20000004   COMPRESSED   0x00000004   Data   RW          318    .data               c_w.l(stdio_streams.o)
    0x20000008   COMPRESSED   0x00000004   Data   RW          319    .data               c_w.l(stdio_streams.o)
    0x2000000c   COMPRESSED   0x00000240   Data   RW           72    .data.morse_code.M  low_level_morse.o
    0x2000024c   COMPRESSED   0x00000006   Data   RW           71    .data.morse_code.Mdummy  low_level_morse.o


    Execution Region ER_ZI (Exec base: 0x20000258, Load base: 0x08003290, Size: 0x00000760, Max: 0xffffffff, ABSOLUTE)

    Exec Addr    Load Addr    Size         Type   Attr      Idx    E Section Name        Object

    0x20000258        -       0x00000054   Zero   RW          314    .bss                c_w.l(stdio_streams.o)
    0x200002ac        -       0x00000054   Zero   RW          315    .bss                c_w.l(stdio_streams.o)
    0x20000300        -       0x00000054   Zero   RW          316    .bss                c_w.l(stdio_streams.o)
    0x20000354        -       0x00000060   Zero   RW          460    .bss                c_w.l(libspace.o)
    0x200003b4        -       0x00000004   Zero   RW           34    .bss.msTicks        handlers.o
    0x200003b8        -       0x00000200   Zero   RW          107    HEAP                startup_stm32f407xx.o
    0x200005b8        -       0x00000400   Zero   RW          106    STACK               startup_stm32f407xx.o


==============================================================================

Image component sizes


      Code (inc. data)   RO Data    RW Data    ZI Data      Debug   Object Name

        34          0          0          0          4        520   handlers.o
       588          0          0          0          0       3226   init.o
       268          0          0        582          0       1613   low_level_morse.o
       382          0         84          0          0       2381   main.o
       504          0         23          0          0       2186   retarget.o
       154          0         23          0          0       2551   retarget_io.o
        64         26        392          0       1536        884   startup_stm32f407xx.o
        58          0          0          0          0       2665   system_stm32f4xx.o

    ----------------------------------------------------------------------
      2080         26        556        584       1540      16026   Object Totals
         0          0         32          0          0          0   (incl. Generated)
        28          0          2          2          0          0   (incl. Padding)

    ----------------------------------------------------------------------

      Code (inc. data)   RO Data    RW Data    ZI Data      Debug   Library Member Name

       100          0          0          0          0          0   __dclz77c.o
         8          0          0          0          0         68   __main.o
       392          4         17          0          0         92   __printf_flags_ss_wp.o
        14          0          0          0          0         68   __printf_wp.o
         0          0          0          0          0          0   __rtentry.o
        12          0          0          0          0          0   __rtentry2.o
         6          0          0          0          0          0   __rtentry4.o
        94          8          0          0          0          0   __scatter.o
        28          0          0          0          0          0   __scatter_zi.o
        72          0          0          0          0         96   _c16rtomb.o
         6          0          0          0          0          0   _printf_a.o
         6          0          0          0          0          0   _printf_c.o
        44          0          0          0          0        108   _printf_char.o
        48          6          0          0          0         96   _printf_char_common.o
        36          4          0          0          0         80   _printf_char_file.o
        40          0          0          0          0         68   _printf_charcount.o
         6          0          0          0          0          0   _printf_d.o
       120         16          0          0          0         92   _printf_dec.o
         6          0          0          0          0          0   _printf_e.o
         6          0          0          0          0          0   _printf_f.o
      1052          0          0          0          0        148   _printf_fp_dec.o
       764          8         38          0          0        100   _printf_fp_hex.o
       128         16          0          0          0         84   _printf_fp_infnan.o
         6          0          0          0          0          0   _printf_g.o
       148          4         40          0          0        160   _printf_hex_int_ll_ptr.o
         6          0          0          0          0          0   _printf_i.o
       178          0          0          0          0         88   _printf_intcommon.o
        10          0          0          0          0          0   _printf_l.o
         6          0          0          0          0          0   _printf_lc.o
        10          0          0          0          0          0   _printf_ll.o
         6          0          0          0          0          0   _printf_lld.o
         6          0          0          0          0          0   _printf_lli.o
         6          0          0          0          0          0   _printf_llo.o
         6          0          0          0          0          0   _printf_llu.o
         6          0          0          0          0          0   _printf_llx.o
       124         16          0          0          0         92   _printf_longlong_dec.o
         6          0          0          0          0          0   _printf_ls.o
         6          0          0          0          0          0   _printf_n.o
         6          0          0          0          0          0   _printf_o.o
       112          8          0          0          0        124   _printf_oct_int_ll.o
         6          0          0          0          0          0   _printf_p.o
        78          0          0          0          0        108   _printf_pad.o
         0          0          0          0          0          0   _printf_percent.o
         4          0          0          0          0          0   _printf_percent_end.o
         6          0          0          0          0          0   _printf_s.o
        82          0          0          0          0         80   _printf_str.o
        36          0          0          0          0         84   _printf_truncate.o
         6          0          0          0          0          0   _printf_u.o
        44          0          0          0          0        108   _printf_wchar.o
       188          6          8          0          0         92   _printf_wctomb.o
         6          0          0          0          0          0   _printf_x.o
       228          4        148          0          0         96   bigflt0.o
      1936        128          0          0          0        668   btod.o
        10          0          0          0          0         68   defsig_exit.o
        50          0          0          0          0         88   defsig_general.o
        80         58          0          0          0         76   defsig_rtmem_inner.o
        14          0          0          0          0         80   defsig_rtmem_outer.o
        52         38          0          0          0         76   defsig_rtred_inner.o
        14          0          0          0          0         80   defsig_rtred_outer.o
        18          0          0          0          0         80   exit.o
        76          0          0          0          0         88   fclose.o
         8          0          0          0          0         68   ferror.o
       482          0          0          0          0         92   flsbuf.o
       240          6          0          0          0        128   fopen.o
        20          0          0          0          0         84   fprintf.o
        28          0          0          0          0         68   fputc.o
       248          6          0          0          0         84   fseek.o
        66          0          0          0          0         76   ftell.o
        94          0          0          0          0         80   h1_alloc.o
        52          0          0          0          0         68   h1_extend.o
        78          0          0          0          0         80   h1_free.o
        12          0          0          0          0         84   h1_init.o
         6          0          0          0          0        152   heapauxi.o
         4          0          0          0          0        136   hguard.o
       138          0          0          0          0        168   init_alloc.o
       312         46          0          0          0        112   initio.o
        44         10        272          0          0         76   lc_ctype_c.o
        44         10         28          0          0         76   lc_numeric_c.o
         2          0          0          0          0          0   libinit.o
        46          0          0          0          0          0   libinit2.o
         2          0          0          0          0          0   libshutdown.o
         6          0          0          0          0          0   libshutdown2.o
         8          4          0          0         96         68   libspace.o
       138          0          0          0          0         80   lludiv10.o
         0          0          0          0          0          0   maybetermalloc1.o
        24          4          0          0          0         84   printf.o
        16          4          0          0          0         76   rt_ctype_table.o
         8          4          0          0          0         68   rt_errno_addr_intlibspace.o
         8          4          0          0          0         68   rt_heap_descriptor_intlibspace.o
         8          4          0          0          0         68   rt_locale_intlibspace.o
        78          0          0          0          0         80   rt_memclr_w.o
         2          0          0          0          0          0   rtexit.o
        10          0          0          0          0          0   rtexit2.o
        70          0          0          0          0         80   setvbuf.o
       264          6          0          0          0        160   stdio.o
         0          0          0         12        252          0   stdio_streams.o
       124          0          0          0          0         88   strcmpv7em.o
       150          0          0          0          0         80   strncmp.o
        74          0          0          0          0         80   sys_stackheap_outer.o
         2          0          0          0          0         68   use_no_semi.o
         2          0          0          0          0         68   use_no_semi_2.o
        26          0          0          0          0        116   fpinit.o
         4          0          0          0          0        116   printf1.o
         4          0          0          0          0        116   printf2.o
         0          0          0          0          0          0   usenofp.o
        48          0          0          0          0        124   fpclassify.o

    ----------------------------------------------------------------------
      9596        432        552         12        348       6756   Library Totals
        26          0          1          0          0          0   (incl. Padding)

    ----------------------------------------------------------------------

      Code (inc. data)   RO Data    RW Data    ZI Data      Debug   Library Name

      9488        432        551         12        348       6284   c_w.l
        34          0          0          0          0        348   fz_wm.l
        48          0          0          0          0        124   m_wm.l

    ----------------------------------------------------------------------
      9596        432        552         12        348       6756   Library Totals

    ----------------------------------------------------------------------

==============================================================================


      Code (inc. data)   RO Data    RW Data    ZI Data      Debug   

     11676        458       1108        596       1888      19046   Grand Totals
     11676        458       1108        160       1888      19046   ELF Image Totals (compressed)
     11676        458       1108        160          0          0   ROM Totals

==============================================================================

    Total RO  Size (Code + RO Data)                12784 (  12.48kB)
    Total RW  Size (RW Data + ZI Data)              2484 (   2.43kB)
    Total ROM Size (Code + RO Data + RW Data)      12944 (  12.64kB)

==============================================================================

